#Packing pin usage report
Type: io
	Input Pin Usage:
		Max: 1.00 (0.50)
		Avg: 0.57 (0.29)
		Min: 0.00 (0.00)
		Histogram:
		[        0:      0.2) 133 ( 42.6%) |***********************************
		[      0.2:      0.4)   0 (  0.0%) |
		[      0.4:      0.6)   0 (  0.0%) |
		[      0.6:      0.8)   0 (  0.0%) |
		[      0.8:        1) 179 ( 57.4%) |***********************************************
		[        1:      1.2)   0 (  0.0%) |
		[      1.2:      1.4)   0 (  0.0%) |
		[      1.4:      1.6)   0 (  0.0%) |
		[      1.6:      1.8)   0 (  0.0%) |
		[      1.8:        2)   0 (  0.0%) |
	Output Pin Usage:
		Max: 1.00 (1.00)
		Avg: 0.43 (0.43)
		Min: 0.00 (0.00)
		Histogram:
		[        0:      0.1) 179 ( 57.4%) |***********************************************
		[      0.1:      0.2)   0 (  0.0%) |
		[      0.2:      0.3)   0 (  0.0%) |
		[      0.3:      0.4)   0 (  0.0%) |
		[      0.4:      0.5)   0 (  0.0%) |
		[      0.5:      0.6)   0 (  0.0%) |
		[      0.6:      0.7)   0 (  0.0%) |
		[      0.7:      0.8)   0 (  0.0%) |
		[      0.8:      0.9)   0 (  0.0%) |
		[      0.9:        1) 133 ( 42.6%) |***********************************

Type: clb
	Input Pin Usage:
		Max: 33.00 (0.80)
		Avg: 27.58 (0.67)
		Min: 2.00 (0.05)
		Histogram:
		[        0:      4.1)  16 (  1.8%) |**
		[      4.1:      8.2)  20 (  2.3%) |***
		[      8.2:       12)  10 (  1.2%) |*
		[       12:       16)  14 (  1.6%) |**
		[       16:       20)  37 (  4.3%) |*****
		[       20:       25)  99 ( 11.4%) |*************
		[       25:       29) 152 ( 17.6%) |********************
		[       29:       33) 366 ( 42.3%) |***********************************************
		[       33:       37) 152 ( 17.6%) |********************
		[       37:       41)   0 (  0.0%) |
	Output Pin Usage:
		Max: 12.00 (0.60)
		Avg: 6.44 (0.32)
		Min: 1.00 (0.05)
		Histogram:
		[        0:        2) 100 ( 11.5%) |********************
		[        2:        4) 128 ( 14.8%) |**************************
		[        4:        6) 201 ( 23.2%) |****************************************
		[        6:        8) 234 ( 27.0%) |***********************************************
		[        8:       10) 125 ( 14.4%) |*************************
		[       10:       12)  78 (  9.0%) |****************
		[       12:       14)   0 (  0.0%) |
		[       14:       16)   0 (  0.0%) |
		[       16:       18)   0 (  0.0%) |
		[       18:       20)   0 (  0.0%) |

Type: memory
	Input Pin Usage:
		Max: 74.00 (0.76)
		Avg: 59.67 (0.62)
		Min: 31.00 (0.32)
		Histogram:
		[        0:      9.7)  0 (  0.0%) |
		[      9.7:       19)  0 (  0.0%) |
		[       19:       29)  0 (  0.0%) |
		[       29:       39)  8 ( 33.3%) |************************
		[       39:       48)  0 (  0.0%) |
		[       48:       58)  0 (  0.0%) |
		[       58:       68)  0 (  0.0%) |
		[       68:       78) 16 ( 66.7%) |************************************************
		[       78:       87)  0 (  0.0%) |
		[       87:       97)  0 (  0.0%) |
	Output Pin Usage:
		Max: 64.00 (1.00)
		Avg: 49.67 (0.78)
		Min: 21.00 (0.33)
		Histogram:
		[        0:      6.4)  0 (  0.0%) |
		[      6.4:       13)  0 (  0.0%) |
		[       13:       19)  0 (  0.0%) |
		[       19:       26)  8 ( 33.3%) |************************
		[       26:       32)  0 (  0.0%) |
		[       32:       38)  0 (  0.0%) |
		[       38:       45)  0 (  0.0%) |
		[       45:       51)  0 (  0.0%) |
		[       51:       58)  0 (  0.0%) |
		[       58:       64) 16 ( 66.7%) |************************************************

