#Timing report of worst 2 path(s)
# Unit scale: 1e-09 seconds
# Output precision: 3

#Path 1
Startpoint: o.Q[0] (.latch clocked by clk)
Endpoint  : out:o.outpad[0] (.output clocked by clk)
Path Type : setup

Point                                                             Incr      Path
--------------------------------------------------------------------------------
clock clk (rise edge)                                            0.000     0.000
clock source latency                                             0.000     0.000
clk.inpad[0] (.input)                                            0.000     0.000
o.clk[0] (.latch)                                                1.338     1.338
o.Q[0] (.latch) [clock-to-output]                                0.124     1.462
out:o.outpad[0] (.output)                                        1.338     2.800
data arrival time                                                          2.800

clock clk (rise edge)                                            0.000     0.000
clock source latency                                             0.000     0.000
clock uncertainty                                                0.000     0.000
output external delay                                            0.000     0.000
data required time                                                         0.000
--------------------------------------------------------------------------------
data required time                                                         0.000
data arrival time                                                         -2.800
--------------------------------------------------------------------------------
slack (VIOLATED)                                                          -2.800


#Path 2
Startpoint: i.inpad[0] (.input clocked by clk)
Endpoint  : o.D[0] (.latch clocked by clk)
Path Type : setup

Point                                                             Incr      Path
--------------------------------------------------------------------------------
clock clk (rise edge)                                            0.000     0.000
clock source latency                                             0.000     0.000
input external delay                                             0.000     0.000
i.inpad[0] (.input)                                              0.000     0.000
n7.in[0] (.names)                                                1.338     1.338
n7.out[0] (.names)                                               0.235     1.573
o.D[0] (.latch)                                                  1.338     2.911
data arrival time                                                          2.911

clock clk (rise edge)                                            0.000     0.000
clock source latency                                             0.000     0.000
clk.inpad[0] (.input)                                            0.000     0.000
o.clk[0] (.latch)                                                1.338     1.338
clock uncertainty                                                0.000     1.338
cell setup time                                                 -0.066     1.272
data required time                                                         1.272
--------------------------------------------------------------------------------
data required time                                                         1.272
data arrival time                                                         -2.911
--------------------------------------------------------------------------------
slack (VIOLATED)                                                          -1.639


#End of timing report
