VPR FPGA Placement and Routing.
Version: 9.0.0-dev+v8.0.0-14385-ga63284911-dirty
Revision: v8.0.0-14385-ga63284911-dirty
Compiled: 2026-03-25T18:02:23
Compiler: GNU 11.4.0 on Linux-6.8.0-79-generic x86_64
Build Info: release IPO VTR_ASSERT_LEVEL=2

University of Toronto
verilogtorouting.org
vtr-users@googlegroups.com
This is free open source code under MIT license.

VPR was run with the following command-line:
/home/ept/tools/vtr-verilog-to-routing//vpr/vpr ../arch/systolic.xml /home/ept/research/systolic_page_placer/build/synth/simple.blif --pack --place --inner_num 1.0

Using up to 1 parallel worker(s)

Architecture file: ../arch/systolic.xml
Circuit name: simple

# Loading Architecture Description
# Loading Architecture Description took 0.01 seconds (max_rss 18.6 MiB, delta_rss +2.1 MiB)

Timing analysis: ON
Circuit netlist file: simple.net
Circuit placement file: simple.place
Circuit routing file: simple.route
Circuit SDC file: simple.sdc
Vpr floorplanning constraints file: not specified

Packer: ENABLED
Placer: ENABLED
Analytical Placer: DISABLED
Router: DISABLED
Analysis: DISABLED

VPR was run with the following options:

NetlistOpts.absorb_buffer_luts            : true
NetlistOpts.sweep_dangling_primary_ios    : true
NetlistOpts.sweep_dangling_nets           : true
NetlistOpts.sweep_dangling_blocks         : true
NetlistOpts.sweep_constant_primary_outputs: false
NetlistOpts.netlist_verbosity             : 1
NetlistOpts.const_gen_inference           : COMB_SEQ

PackerOpts.allow_unrelated_clustering: auto
PackerOpts.timing_gain_weight: 0.750000
PackerOpts.connection_gain_weight: 0.900000
PackerOpts.cluster_seed_type: BLEND2
PackerOpts.connection_driven: true
PackerOpts.timing_driven: true
PackerOpts.target_external_pin_util: auto

PlacerOpts.place_freq: PLACE_ONCE
PlacerOpts.place_algorithm: CRITICALITY_TIMING_PLACE
PlacerOpts.pad_loc_type: FREE
PlacerOpts.constraints_file: No constraints file given
PlacerOpts.place_chan_width: 100
PlacerOpts.inner_loop_recompute_divider: 0
PlacerOpts.recompute_crit_iter: 1
PlacerOpts.timing_tradeoff: 0.500000
PlacerOpts.td_place_exp_first: 1.000000
PlacerOpts.td_place_exp_last: 8.000000
PlacerOpts.delay_offset: 0.000000
PlacerOpts.delay_ramp_delta_threshold: -1
PlacerOpts.delay_ramp_slope: 0.000000
PlacerOpts.tsu_rel_margin: 1.000000
PlacerOpts.tsu_abs_margin: 0.000000
PlacerOpts.post_place_timing_report_file: 
PlacerOpts.allowed_tiles_for_delay_model: 
PlacerOpts.delay_model_reducer: MIN
PlacerOpts.delay_model_type: SIMPLE
PlacerOpts.rlim_escape_fraction: 0.000000
PlacerOpts.move_stats_file: 
PlacerOpts.placement_saves_per_temperature: 0
PlacerOpts.effort_scaling: CIRCUIT
PlacerOpts.place_delta_delay_matrix_calculation_method: ASTAR_ROUTE
PlaceOpts.seed: 1
AnnealSched.type: AUTO_SCHED
AnnealSched.inner_num: 1.000000

# Building complex block graph
Warning 1: io[0].clock[0] unconnected pin in architecture.
# Building complex block graph took 0.01 seconds (max_rss 24.9 MiB, delta_rss +6.2 MiB)
Circuit file: /home/ept/research/systolic_page_placer/build/synth/simple.blif
# Load circuit
# Load circuit took 0.00 seconds (max_rss 26.3 MiB, delta_rss +1.3 MiB)
# Clean circuit
Absorbed 0 LUT buffers
Inferred    0 additional primitive pins as constant generators since they have no combinationally connected inputs
Inferred    0 additional primitive pins as constant generators due to constant inputs
Swept input(s)      : 0
Swept output(s)     : 0 (0 dangling, 0 constant)
Swept net(s)        : 0
Swept block(s)      : 0
Constant Pins Marked: 0
# Clean circuit took 0.00 seconds (max_rss 26.3 MiB, delta_rss +0.0 MiB)
# Compress circuit
# Compress circuit took 0.00 seconds (max_rss 26.3 MiB, delta_rss +0.0 MiB)
# Verify circuit
# Verify circuit took 0.00 seconds (max_rss 26.3 MiB, delta_rss +0.0 MiB)
Circuit Statistics:
  Blocks: 5
    .input :       2
    .latch :       1
    .names :       1
        1-LUT:       1
    .output:       1
  Nets  : 4
    Avg Fanout:     1.0
    Max Fanout:     1.0
    Min Fanout:     1.0
  Netlist Clocks: 1
# Build Timing Graph
  Timing Graph Nodes: 8
  Timing Graph Edges: 7
  Timing Graph Levels: 4
# Build Timing Graph took 0.00 seconds (max_rss 26.3 MiB, delta_rss +0.0 MiB)
Netlist contains 1 clocks
  Netlist Clock 'clk' Fanout: 1 pins (12.5%), 1 blocks (20.0%)
# Load Timing Constraints

SDC file 'simple.sdc' not found
Setting default timing constraints:
   * constrain all primay inputs and primary outputs on netlist clock 'clk'
   * optimize netlist clock to run as fast as possible
Timing constraints created 1 clocks
  Constrained Clock 'clk' Source: 'clk.inpad[0]'

# Load Timing Constraints took 0.00 seconds (max_rss 26.3 MiB, delta_rss +0.0 MiB)
# Packing
## Prepacker
## Prepacker took 0.00 seconds (max_rss 26.8 MiB, delta_rss +0.2 MiB)
## Initializing Pre-Cluster Timing
Warning 2: Specified device dimensions (10x10) exceed those of the largest fixed-size device. Using the largest fixed-size device
Warning 3: Block type 'mult_36' grid location specification startx (6 = 6) falls outside device horizontal range [0,5]
Warning 4: Block type 'EMPTY' grid location specification startx (6 = 6) falls outside device horizontal range [0,5]
Using inter-cluster delay: 1.33777e-09
## Initializing Pre-Cluster Timing took 0.00 seconds (max_rss 27.4 MiB, delta_rss +0.6 MiB)
Begin packing '/home/ept/research/systolic_page_placer/build/synth/simple.blif'.

After removing unused inputs...
	total blocks: 5, total nets: 4, total inputs: 2, total outputs: 1
Packing with pin utilization targets: io:1,1 clb:0.8,0.6 mult_36:1,1 memory:1,1
Packing with high fanout thresholds: io:128 clb:32 mult_36:128 memory:128
Starting Clustering - Clustering Progress: 
-------------------   --------------------------   ---------
Molecules processed   Number of clusters created   FPGA size
-------------------   --------------------------   ---------
Warning 5: Block type 'mult_36' grid location specification startx (6 = 6) falls outside device horizontal range [0,5]
Warning 6: Block type 'EMPTY' grid location specification startx (6 = 6) falls outside device horizontal range [0,5]
     1/4        25%                            1     6 x 6     
     2/4        50%                            2     6 x 6     
     3/4        75%                            3     6 x 6     
     4/4       100%                            4     6 x 6     

Logic Element (fle) detailed count:
  Total number of Logic Elements used : 1
  LEs used for logic and registers    : 1
  LEs used for logic only             : 0
  LEs used for registers only         : 0

Warning 7: Block type 'mult_36' grid location specification startx (6 = 6) falls outside device horizontal range [0,5]
Warning 8: Block type 'EMPTY' grid location specification startx (6 = 6) falls outside device horizontal range [0,5]
FPGA sized to 6 x 6 (my_layout)
Device Utilization: 0.04 (target 1.00)
	Block Utilization: 0.02 Type: io
	Block Utilization: 0.08 Type: clb

Final Clustering Statistics: 
----------   --------   ------------------------------------   --------------------------
Block Type   # Blocks   Avg. # of input clocks and pins used   Avg. # of output pins used
----------   --------   ------------------------------------   --------------------------
     EMPTY          0                                      0                            0   
        io          3                               0.333333                     0.666667   
       clb          1                                      2                            1   
   mult_36          0                                      0                            0   
    memory          0                                      0                            0   
Absorbed logical nets 1 out of 4 nets, 3 nets not absorbed.

Netlist conversion complete.

Incr Slack updates 1 in 7.71e-07 sec
Full Max Req/Worst Slack updates 1 in 1.723e-06 sec
Incr Max Req/Worst Slack updates 0 in 0 sec
Incr Criticality updates 0 in 0 sec
Full Criticality updates 1 in 1.122e-06 sec
# Packing took 0.00 seconds (max_rss 27.6 MiB, delta_rss +0.9 MiB)
# Load packing
## Loading packed FPGA netlist file.
Netlist generated from file 'simple.net'.
Detected 0 constant generators (to see names run with higher pack verbosity)
## Loading packed FPGA netlist file. took 0.00 seconds (max_rss 27.6 MiB, delta_rss +0.0 MiB)
Warning 9: Treated 0 constant nets as global which will not be routed (to see net names increase packer verbosity).
Completed clustering consistency check successfully.

Pb types usage...
  io             : 3
   inpad         : 2
   outpad        : 1
  clb            : 1
   fle           : 1
    lut5inter    : 1
     ble5        : 1
      lut5       : 1
       lut       : 1
      ff         : 1

# Load packing took 0.04 seconds (max_rss 65.8 MiB, delta_rss +38.3 MiB)
# Create Device
## Build Device Grid
Warning 10: Block type 'mult_36' grid location specification startx (6 = 6) falls outside device horizontal range [0,5]
Warning 11: Block type 'EMPTY' grid location specification startx (6 = 6) falls outside device horizontal range [0,5]
FPGA sized to 6 x 6: 36 grid tiles (my_layout)
## Build Device Grid took 0.00 seconds (max_rss 65.8 MiB, delta_rss +0.0 MiB)
## Build routing resource graph
## Build routing resource graph took 0.01 seconds (max_rss 65.8 MiB, delta_rss +0.0 MiB)
  RR Graph Nodes: 3512
  RR Graph Edges: 20604
# Create Device took 0.01 seconds (max_rss 65.8 MiB, delta_rss +0.0 MiB)

Resource usage...
	Netlist
		3	blocks of type: io
	Architecture
		128	blocks of type: io
	Netlist
		1	blocks of type: clb
	Architecture
		12	blocks of type: clb
	Netlist
		0	blocks of type: mult_36
	Architecture
		0	blocks of type: mult_36
	Netlist
		0	blocks of type: memory
	Architecture
		0	blocks of type: memory

Device Utilization: 0.04 (target 1.00)
	Physical Tile io:
	Block Utilization: 0.02 Logical Block: io
	Physical Tile clb:
	Block Utilization: 0.08 Logical Block: clb


# Computing router lookahead map
## Computing wire lookahead
## Computing wire lookahead took 0.00 seconds (max_rss 65.8 MiB, delta_rss +0.0 MiB)
## Computing src/opin lookahead
## Computing src/opin lookahead took 0.00 seconds (max_rss 65.8 MiB, delta_rss +0.0 MiB)
# Computing router lookahead map took 0.00 seconds (max_rss 65.8 MiB, delta_rss +0.0 MiB)
# Compressed grid construction
# Compressed grid construction took 0.00 seconds (max_rss 65.8 MiB, delta_rss +0.0 MiB)

Bounding box mode is Cube

# Computing placement delta delay look-up
## Build routing resource graph
## Build routing resource graph took 0.01 seconds (max_rss 65.8 MiB, delta_rss +0.0 MiB)
  RR Graph Nodes: 3444
  RR Graph Edges: 19716
## Computing router lookahead map
### Computing wire lookahead
### Computing wire lookahead took 0.00 seconds (max_rss 65.8 MiB, delta_rss +0.0 MiB)
### Computing src/opin lookahead
### Computing src/opin lookahead took 0.00 seconds (max_rss 65.8 MiB, delta_rss +0.0 MiB)
## Computing router lookahead map took 0.00 seconds (max_rss 65.8 MiB, delta_rss +0.0 MiB)
Serial Connection Router is being destroyed. Time spent on path search: 0.000 seconds.
# Computing placement delta delay look-up took 0.01 seconds (max_rss 65.8 MiB, delta_rss +0.0 MiB)
# Placement
## Initial Placement
Initial placement iteration 0 has finished successfully
## Initial Placement took 0.00 seconds (max_rss 65.8 MiB, delta_rss +0.0 MiB)
Using simple RL 'Softmax agent' for choosing move and block types

Completed placement consistency check successfully.
Initial placement cost: 1 bb_cost: 0.118007 td_cost: 4.64244e-10
Initial placement BB estimate of wirelength: 11
Initial placement estimated Critical Path Delay (CPD): 0.717959 ns
Initial placement estimated setup Total Negative Slack (sTNS): -1.16954 ns
Initial placement estimated setup Worst Negative Slack (sWNS): -0.717959 ns

Initial placement estimated setup slack histogram:
[ -7.2e-10: -6.9e-10) 1 ( 50.0%) |**************************************************
[ -6.9e-10: -6.6e-10) 0 (  0.0%) |
[ -6.6e-10: -6.4e-10) 0 (  0.0%) |
[ -6.4e-10: -6.1e-10) 0 (  0.0%) |
[ -6.1e-10: -5.8e-10) 0 (  0.0%) |
[ -5.8e-10: -5.6e-10) 0 (  0.0%) |
[ -5.6e-10: -5.3e-10) 0 (  0.0%) |
[ -5.3e-10:   -5e-10) 0 (  0.0%) |
[   -5e-10: -4.8e-10) 0 (  0.0%) |
[ -4.8e-10: -4.5e-10) 1 ( 50.0%) |**************************************************
Placement contains 0 placement macros involving 0 blocks (average macro size -nan)

Moves per temperature: 6

---- ------ ------- ------- ---------- ---------- ------- ---------- -------- ------- ------- ------ -------- --------- ------
Tnum   Time       T Av Cost Av BB Cost Av TD Cost     CPD       sTNS     sWNS Ac Rate Std Dev  R lim Crit Exp Tot Moves  Alpha
      (sec)                                          (ns)       (ns)     (ns)                                                 
---- ------ ------- ------- ---------- ---------- ------- ---------- -------- ------- ------- ------ -------- --------- ------
   1    0.0 0.0e+00   0.999       0.10 4.524e-10    0.718      -1.17   -0.718   0.500  0.0020    5.0     1.00         6  1.000
   2    0.0 0.0e+00   0.975       0.10 5.2095e-10   0.622      -1.17   -0.622   0.167  0.0000    5.0     1.00        12  0.950
## Placement Quench took 0.00 seconds (max_rss 65.8 MiB)
post-quench CPD = 0.717959 (ns) 

Completed placement consistency check successfully.

Swaps called: 16

Aborted Move Reasons:
  No moves aborted

BB estimate of min-dist (placement) wire length: 9

Placement estimated critical path delay (least slack): 0.717959 ns, Fmax: 1392.84 MHz
Placement estimated setup Worst Negative Slack (sWNS): -0.717959 ns
Placement estimated setup Total Negative Slack (sTNS): -1.16954 ns

Placement estimated setup slack histogram:
[ -7.2e-10: -6.9e-10) 1 ( 50.0%) |**************************************************
[ -6.9e-10: -6.6e-10) 0 (  0.0%) |
[ -6.6e-10: -6.4e-10) 0 (  0.0%) |
[ -6.4e-10: -6.1e-10) 0 (  0.0%) |
[ -6.1e-10: -5.8e-10) 0 (  0.0%) |
[ -5.8e-10: -5.6e-10) 0 (  0.0%) |
[ -5.6e-10: -5.3e-10) 0 (  0.0%) |
[ -5.3e-10:   -5e-10) 0 (  0.0%) |
[   -5e-10: -4.8e-10) 0 (  0.0%) |
[ -4.8e-10: -4.5e-10) 1 ( 50.0%) |**************************************************

Placement estimated geomean non-virtual intra-domain period: 0.717959 ns (1392.84 MHz)
Placement estimated fanout-weighted geomean non-virtual intra-domain period: 0.717959 ns (1392.84 MHz)

Placement cost: 0.974603, bb_cost: 0.0963203, td_cost: 4.64244e-10, 

Placement resource usage:
  io  implemented as io : 3
  clb implemented as clb: 1

Placement number of temperatures: 2
Placement total # of swap attempts: 16
	Swaps accepted:  8 (50.0 %)
	Swaps rejected:  7 (43.8 %)
	Swaps aborted:  1 ( 6.2 %)


Placement perturbation distribution by block and move type: 
------------------ ----------------- ---------------- ---------------- --------------- ------------ 
    Block Type         Move Type       (%) of Total      Accepted(%)     Rejected(%)    Aborted(%)
------------------ ----------------- ---------------- ---------------- --------------- ------------ 
io                 Uniform                6.25             100.00          0.00           0.00         
                   Median                 12.50            0.00            50.00          50.00        
                   Centroid               31.25            80.00           20.00          0.00         
                   W. Centroid            25.00            25.00           75.00          0.00         
                   W. Median              6.25             0.00            100.00         0.00         
                   Feasible Region        6.25             0.00            100.00         0.00         

clb                Uniform                6.25             100.00          0.00           0.00         
                   W. Median              6.25             100.00          0.00           0.00         


Placement Quench timing analysis took 7.073e-06 seconds (3.957e-06 STA, 3.116e-06 slack) (1 full updates: 1 setup, 0 hold, 0 combined).
Placement Total  timing analysis took 5.5043e-05 seconds (4.0956e-05 STA, 1.4087e-05 slack) (4 full updates: 4 setup, 0 hold, 0 combined).
update_td_costs: connections 0 nets 0 sum_nets 0 total 0
# Placement took 0.00 seconds (max_rss 65.8 MiB, delta_rss +0.0 MiB)
# Compressed grid construction
# Compressed grid construction took 0.00 seconds (max_rss 65.8 MiB, delta_rss +0.0 MiB)

Flow timing analysis took 0.000726337 seconds (0.00070683 STA, 1.9507e-05 slack) (5 full updates: 5 setup, 0 hold, 0 combined).
VPR succeeded
The entire flow of VPR took 0.08 seconds (max_rss 65.8 MiB)
Incr Slack updates 4 in 2.514e-06 sec
Full Max Req/Worst Slack updates 2 in 2.474e-06 sec
Incr Max Req/Worst Slack updates 2 in 2.175e-06 sec
Incr Criticality updates 1 in 8.21e-07 sec
Full Criticality updates 3 in 2.636e-06 sec
